** Drc report for Thunderscope_Rev5.3.kicad_pcb **
** Created on 2026-01-19T16:20:25-0500 **

** Found 0 DRC violations **

** Found 0 unconnected pads **

** Found 182 Footprint errors **
[duplicate_footprints]: Duplicate footprints
    Local override; warning
    @(88.7811 mm, 150.5036 mm): Footprint <no reference designator>
    @(182.7661 mm, 142.2536 mm): Footprint <no reference designator>
[duplicate_footprints]: Duplicate footprints
    Local override; warning
    @(204.3211 mm, 142.2536 mm): Footprint <no reference designator>
    @(182.7661 mm, 142.2536 mm): Footprint <no reference designator>
[duplicate_footprints]: Duplicate footprints
    Local override; warning
    @(89.0011 mm, 57.1036 mm): Footprint <no reference designator>
    @(182.7661 mm, 142.2536 mm): Footprint <no reference designator>
[duplicate_footprints]: Duplicate footprints
    Local override; warning
    @(208.1611 mm, 142.2536 mm): Footprint <no reference designator>
    @(182.7661 mm, 142.2536 mm): Footprint <no reference designator>
[duplicate_footprints]: Duplicate footprints
    Local override; warning
    @(182.1261 mm, 142.2536 mm): Footprint <no reference designator>
    @(182.7661 mm, 142.2536 mm): Footprint <no reference designator>
[duplicate_footprints]: Duplicate footprints
    Local override; warning
    @(209.4411 mm, 142.2536 mm): Footprint <no reference designator>
    @(182.7661 mm, 142.2536 mm): Footprint <no reference designator>
[duplicate_footprints]: Duplicate footprints
    Local override; warning
    @(194.6311 mm, 57.1286 mm): Footprint <no reference designator>
    @(182.7661 mm, 142.2536 mm): Footprint <no reference designator>
[duplicate_footprints]: Duplicate footprints
    Local override; warning
    @(100.2211 mm, 150.5036 mm): Footprint <no reference designator>
    @(182.7661 mm, 142.2536 mm): Footprint <no reference designator>
[duplicate_footprints]: Duplicate footprints
    Local override; warning
    @(122.0911 mm, 150.5036 mm): Footprint <no reference designator>
    @(182.7661 mm, 142.2536 mm): Footprint <no reference designator>
[duplicate_footprints]: Duplicate footprints
    Local override; warning
    @(98.9411 mm, 150.5036 mm): Footprint <no reference designator>
    @(182.7661 mm, 142.2536 mm): Footprint <no reference designator>
[duplicate_footprints]: Duplicate footprints
    Local override; warning
    @(204.9611 mm, 142.2536 mm): Footprint <no reference designator>
    @(182.7661 mm, 142.2536 mm): Footprint <no reference designator>
[duplicate_footprints]: Duplicate footprints
    Local override; warning
    @(88.1411 mm, 150.5036 mm): Footprint <no reference designator>
    @(182.7661 mm, 142.2536 mm): Footprint <no reference designator>
[duplicate_footprints]: Duplicate footprints
    Local override; warning
    @(127.7211 mm, 57.1036 mm): Footprint <no reference designator>
    @(182.7661 mm, 142.2536 mm): Footprint <no reference designator>
[duplicate_footprints]: Duplicate footprints
    Local override; warning
    @(171.7161 mm, 142.2536 mm): Footprint <no reference designator>
    @(182.7661 mm, 142.2536 mm): Footprint <no reference designator>
[duplicate_footprints]: Duplicate footprints
    Local override; warning
    @(162.1511 mm, 57.1036 mm): Footprint <no reference designator>
    @(182.7661 mm, 142.2536 mm): Footprint <no reference designator>
[duplicate_footprints]: Duplicate footprints
    Local override; warning
    @(160.2311 mm, 57.1036 mm): Footprint <no reference designator>
    @(182.7661 mm, 142.2536 mm): Footprint <no reference designator>
[duplicate_footprints]: Duplicate footprints
    Local override; warning
    @(181.4861 mm, 142.2536 mm): Footprint <no reference designator>
    @(182.7661 mm, 142.2536 mm): Footprint <no reference designator>
[duplicate_footprints]: Duplicate footprints
    Local override; warning
    @(181.2011 mm, 56.8036 mm): Footprint <no reference designator>
    @(182.7661 mm, 142.2536 mm): Footprint <no reference designator>
[duplicate_footprints]: Duplicate footprints
    Local override; warning
    @(125.8011 mm, 57.1036 mm): Footprint <no reference designator>
    @(182.7661 mm, 142.2536 mm): Footprint <no reference designator>
[duplicate_footprints]: Duplicate footprints
    Local override; warning
    @(127.0811 mm, 57.1036 mm): Footprint <no reference designator>
    @(182.7661 mm, 142.2536 mm): Footprint <no reference designator>
[duplicate_footprints]: Duplicate footprints
    Local override; warning
    @(125.9311 mm, 150.5036 mm): Footprint <no reference designator>
    @(182.7661 mm, 142.2536 mm): Footprint <no reference designator>
[duplicate_footprints]: Duplicate footprints
    Local override; warning
    @(124.6511 mm, 150.5036 mm): Footprint <no reference designator>
    @(182.7661 mm, 142.2536 mm): Footprint <no reference designator>
[duplicate_footprints]: Duplicate footprints
    Local override; warning
    @(88.2611 mm, 57.1036 mm): Footprint <no reference designator>
    @(182.7661 mm, 142.2536 mm): Footprint <no reference designator>
[duplicate_footprints]: Duplicate footprints
    Local override; warning
    @(198.7011 mm, 142.5536 mm): Footprint <no reference designator>
    @(182.7661 mm, 142.2536 mm): Footprint <no reference designator>
[duplicate_footprints]: Duplicate footprints
    Local override; warning
    @(100.8611 mm, 150.5036 mm): Footprint <no reference designator>
    @(182.7661 mm, 142.2536 mm): Footprint <no reference designator>
[duplicate_footprints]: Duplicate footprints
    Local override; warning
    @(205.6011 mm, 142.2536 mm): Footprint <no reference designator>
    @(182.7661 mm, 142.2536 mm): Footprint <no reference designator>
[duplicate_footprints]: Duplicate footprints
    Local override; warning
    @(194.4561 mm, 142.2536 mm): Footprint <no reference designator>
    @(182.7661 mm, 142.2536 mm): Footprint <no reference designator>
[duplicate_footprints]: Duplicate footprints
    Local override; warning
    @(206.8811 mm, 142.2536 mm): Footprint <no reference designator>
    @(182.7661 mm, 142.2536 mm): Footprint <no reference designator>
[duplicate_footprints]: Duplicate footprints
    Local override; warning
    @(208.8011 mm, 142.2536 mm): Footprint <no reference designator>
    @(182.7661 mm, 142.2536 mm): Footprint <no reference designator>
[duplicate_footprints]: Duplicate footprints
    Local override; warning
    @(180.8461 mm, 142.2536 mm): Footprint <no reference designator>
    @(182.7661 mm, 142.2536 mm): Footprint <no reference designator>
[duplicate_footprints]: Duplicate footprints
    Local override; warning
    @(206.2411 mm, 142.2536 mm): Footprint <no reference designator>
    @(182.7661 mm, 142.2536 mm): Footprint <no reference designator>
[duplicate_footprints]: Duplicate footprints
    Local override; warning
    @(89.4211 mm, 150.5036 mm): Footprint <no reference designator>
    @(182.7661 mm, 142.2536 mm): Footprint <no reference designator>
[duplicate_footprints]: Duplicate footprints
    Local override; warning
    @(161.5111 mm, 57.1036 mm): Footprint <no reference designator>
    @(182.7661 mm, 142.2536 mm): Footprint <no reference designator>
[duplicate_footprints]: Duplicate footprints
    Local override; warning
    @(87.5011 mm, 150.5036 mm): Footprint <no reference designator>
    @(182.7661 mm, 142.2536 mm): Footprint <no reference designator>
[duplicate_footprints]: Duplicate footprints
    Local override; warning
    @(95.7761 mm, 64.8036 mm): Footprint REF**
    @(88.7761 mm, 64.8036 mm): Footprint REF**
[duplicate_footprints]: Duplicate footprints
    Local override; warning
    @(127.8511 mm, 150.5036 mm): Footprint <no reference designator>
    @(182.7661 mm, 142.2536 mm): Footprint <no reference designator>
[duplicate_footprints]: Duplicate footprints
    Local override; warning
    @(110.5361 mm, 142.2536 mm): Footprint <no reference designator>
    @(182.7661 mm, 142.2536 mm): Footprint <no reference designator>
[duplicate_footprints]: Duplicate footprints
    Local override; warning
    @(111.1761 mm, 142.2536 mm): Footprint <no reference designator>
    @(182.7661 mm, 142.2536 mm): Footprint <no reference designator>
[duplicate_footprints]: Duplicate footprints
    Local override; warning
    @(124.0111 mm, 150.5036 mm): Footprint <no reference designator>
    @(182.7661 mm, 142.2536 mm): Footprint <no reference designator>
[duplicate_footprints]: Duplicate footprints
    Local override; warning
    @(126.4411 mm, 57.1036 mm): Footprint <no reference designator>
    @(182.7661 mm, 142.2536 mm): Footprint <no reference designator>
[duplicate_footprints]: Duplicate footprints
    Local override; warning
    @(105.7011 mm, 142.5536 mm): Footprint <no reference designator>
    @(182.7661 mm, 142.2536 mm): Footprint <no reference designator>
[duplicate_footprints]: Duplicate footprints
    Local override; warning
    @(93.1011 mm, 57.1036 mm): Footprint <no reference designator>
    @(182.7661 mm, 142.2536 mm): Footprint <no reference designator>
[duplicate_footprints]: Duplicate footprints
    Local override; warning
    @(90.0611 mm, 150.5036 mm): Footprint <no reference designator>
    @(182.7661 mm, 142.2536 mm): Footprint <no reference designator>
[duplicate_footprints]: Duplicate footprints
    Local override; warning
    @(193.1761 mm, 142.2536 mm): Footprint <no reference designator>
    @(182.7661 mm, 142.2536 mm): Footprint <no reference designator>
[duplicate_footprints]: Duplicate footprints
    Local override; warning
    @(160.8711 mm, 57.1036 mm): Footprint <no reference designator>
    @(182.7661 mm, 142.2536 mm): Footprint <no reference designator>
[duplicate_footprints]: Duplicate footprints
    Local override; warning
    @(102.5011 mm, 146.4286 mm): Footprint <no reference designator>
    @(182.7661 mm, 142.2536 mm): Footprint <no reference designator>
[duplicate_footprints]: Duplicate footprints
    Local override; warning
    @(187.6511 mm, 142.5536 mm): Footprint <no reference designator>
    @(182.7661 mm, 142.2536 mm): Footprint <no reference designator>
[duplicate_footprints]: Duplicate footprints
    Local override; warning
    @(87.5011 mm, 57.1036 mm): Footprint <no reference designator>
    @(182.7661 mm, 142.2536 mm): Footprint <no reference designator>
[duplicate_footprints]: Duplicate footprints
    Local override; warning
    @(94.5011 mm, 150.8036 mm): Footprint <no reference designator>
    @(182.7661 mm, 142.2536 mm): Footprint <no reference designator>
[duplicate_footprints]: Duplicate footprints
    Local override; warning
    @(122.7311 mm, 150.5036 mm): Footprint <no reference designator>
    @(182.7661 mm, 142.2536 mm): Footprint <no reference designator>
[duplicate_footprints]: Duplicate footprints
    Local override; warning
    @(169.7961 mm, 142.2536 mm): Footprint <no reference designator>
    @(182.7661 mm, 142.2536 mm): Footprint <no reference designator>
[duplicate_footprints]: Duplicate footprints
    Local override; warning
    @(127.2111 mm, 150.5036 mm): Footprint <no reference designator>
    @(182.7661 mm, 142.2536 mm): Footprint <no reference designator>
[duplicate_footprints]: Duplicate footprints
    Local override; warning
    @(203.0411 mm, 142.2536 mm): Footprint <no reference designator>
    @(182.7661 mm, 142.2536 mm): Footprint <no reference designator>
[duplicate_footprints]: Duplicate footprints
    Local override; warning
    @(109.8961 mm, 142.2536 mm): Footprint <no reference designator>
    @(182.7661 mm, 142.2536 mm): Footprint <no reference designator>
[duplicate_footprints]: Duplicate footprints
    Local override; warning
    @(144.6511 mm, 56.8036 mm): Footprint <no reference designator>
    @(182.7661 mm, 142.2536 mm): Footprint <no reference designator>
[duplicate_footprints]: Duplicate footprints
    Local override; warning
    @(193.3511 mm, 57.1286 mm): Footprint <no reference designator>
    @(182.7661 mm, 142.2536 mm): Footprint <no reference designator>
[duplicate_footprints]: Duplicate footprints
    Local override; warning
    @(159.5911 mm, 57.1036 mm): Footprint <no reference designator>
    @(182.7661 mm, 142.2536 mm): Footprint <no reference designator>
[duplicate_footprints]: Duplicate footprints
    Local override; warning
    @(119.8511 mm, 146.4286 mm): Footprint <no reference designator>
    @(182.7661 mm, 142.2536 mm): Footprint <no reference designator>
[duplicate_footprints]: Duplicate footprints
    Local override; warning
    @(207.5211 mm, 142.2536 mm): Footprint <no reference designator>
    @(182.7661 mm, 142.2536 mm): Footprint <no reference designator>
[duplicate_footprints]: Duplicate footprints
    Local override; warning
    @(112.4561 mm, 142.2536 mm): Footprint <no reference designator>
    @(182.7661 mm, 142.2536 mm): Footprint <no reference designator>
[duplicate_footprints]: Duplicate footprints
    Local override; warning
    @(193.8161 mm, 142.2536 mm): Footprint <no reference designator>
    @(182.7661 mm, 142.2536 mm): Footprint <no reference designator>
[duplicate_footprints]: Duplicate footprints
    Local override; warning
    @(203.6811 mm, 142.2536 mm): Footprint <no reference designator>
    @(182.7661 mm, 142.2536 mm): Footprint <no reference designator>
[duplicate_footprints]: Duplicate footprints
    Local override; warning
    @(171.0761 mm, 142.2536 mm): Footprint <no reference designator>
    @(182.7661 mm, 142.2536 mm): Footprint <no reference designator>
[duplicate_footprints]: Duplicate footprints
    Local override; warning
    @(120.8111 mm, 150.5036 mm): Footprint <no reference designator>
    @(182.7661 mm, 142.2536 mm): Footprint <no reference designator>
[duplicate_footprints]: Duplicate footprints
    Local override; warning
    @(94.5861 mm, 57.1036 mm): Footprint <no reference designator>
    @(182.7661 mm, 142.2536 mm): Footprint <no reference designator>
[duplicate_footprints]: Duplicate footprints
    Local override; warning
    @(111.8161 mm, 142.2536 mm): Footprint <no reference designator>
    @(182.7661 mm, 142.2536 mm): Footprint <no reference designator>
[duplicate_footprints]: Duplicate footprints
    Local override; warning
    @(170.4361 mm, 142.2536 mm): Footprint <no reference designator>
    @(182.7661 mm, 142.2536 mm): Footprint <no reference designator>
[duplicate_footprints]: Duplicate footprints
    Local override; warning
    @(193.9911 mm, 57.1286 mm): Footprint <no reference designator>
    @(182.7661 mm, 142.2536 mm): Footprint <no reference designator>
[duplicate_footprints]: Duplicate footprints
    Local override; warning
    @(110.8511 mm, 56.8036 mm): Footprint <no reference designator>
    @(182.7661 mm, 142.2536 mm): Footprint <no reference designator>
[duplicate_footprints]: Duplicate footprints
    Local override; warning
    @(101.5011 mm, 150.5036 mm): Footprint <no reference designator>
    @(182.7661 mm, 142.2536 mm): Footprint <no reference designator>
[duplicate_footprints]: Duplicate footprints
    Local override; warning
    @(128.3611 mm, 57.1036 mm): Footprint <no reference designator>
    @(182.7661 mm, 142.2536 mm): Footprint <no reference designator>
[duplicate_footprints]: Duplicate footprints
    Local override; warning
    @(195.9111 mm, 57.1286 mm): Footprint <no reference designator>
    @(182.7661 mm, 142.2536 mm): Footprint <no reference designator>
[duplicate_footprints]: Duplicate footprints
    Local override; warning
    @(91.0511 mm, 56.2536 mm): Footprint <no reference designator>
    @(182.7661 mm, 142.2536 mm): Footprint <no reference designator>
[duplicate_footprints]: Duplicate footprints
    Local override; warning
    @(172.3561 mm, 142.2536 mm): Footprint <no reference designator>
    @(182.7661 mm, 142.2536 mm): Footprint <no reference designator>
[duplicate_footprints]: Duplicate footprints
    Local override; warning
    @(125.2911 mm, 150.5036 mm): Footprint <no reference designator>
    @(182.7661 mm, 142.2536 mm): Footprint <no reference designator>
[duplicate_footprints]: Duplicate footprints
    Local override; warning
    @(99.5811 mm, 150.5036 mm): Footprint <no reference designator>
    @(182.7661 mm, 142.2536 mm): Footprint <no reference designator>
[duplicate_footprints]: Duplicate footprints
    Local override; warning
    @(126.5711 mm, 150.5036 mm): Footprint <no reference designator>
    @(182.7661 mm, 142.2536 mm): Footprint <no reference designator>
[duplicate_footprints]: Duplicate footprints
    Local override; warning
    @(192.5361 mm, 142.2536 mm): Footprint <no reference designator>
    @(182.7661 mm, 142.2536 mm): Footprint <no reference designator>
[duplicate_footprints]: Duplicate footprints
    Local override; warning
    @(191.8961 mm, 142.2536 mm): Footprint <no reference designator>
    @(182.7661 mm, 142.2536 mm): Footprint <no reference designator>
[duplicate_footprints]: Duplicate footprints
    Local override; warning
    @(123.3711 mm, 150.5036 mm): Footprint <no reference designator>
    @(182.7661 mm, 142.2536 mm): Footprint <no reference designator>
[duplicate_footprints]: Duplicate footprints
    Local override; warning
    @(116.6511 mm, 142.5536 mm): Footprint <no reference designator>
    @(182.7661 mm, 142.2536 mm): Footprint <no reference designator>
[duplicate_footprints]: Duplicate footprints
    Local override; warning
    @(195.2711 mm, 57.1286 mm): Footprint <no reference designator>
    @(182.7661 mm, 142.2536 mm): Footprint <no reference designator>
[duplicate_footprints]: Duplicate footprints
    Local override; warning
    @(176.6011 mm, 142.5536 mm): Footprint <no reference designator>
    @(182.7661 mm, 142.2536 mm): Footprint <no reference designator>
[duplicate_footprints]: Duplicate footprints
    Local override; warning
    @(183.4061 mm, 142.2536 mm): Footprint <no reference designator>
    @(182.7661 mm, 142.2536 mm): Footprint <no reference designator>
[duplicate_footprints]: Duplicate footprints
    Local override; warning
    @(121.4511 mm, 150.5036 mm): Footprint <no reference designator>
    @(182.7661 mm, 142.2536 mm): Footprint <no reference designator>
[duplicate_footprints]: Duplicate footprints
    Local override; warning
    @(93.8411 mm, 57.1036 mm): Footprint <no reference designator>
    @(182.7661 mm, 142.2536 mm): Footprint <no reference designator>
[duplicate_footprints]: Duplicate footprints
    Local override; warning
    @(171.1261 mm, 76.3286 mm): Footprint REF**
    @(88.7761 mm, 64.8036 mm): Footprint REF**
[duplicate_footprints]: Duplicate footprints
    Local override; warning
    @(87.4915 mm, 138.5761 mm): Footprint REF**
    @(88.7761 mm, 64.8036 mm): Footprint REF**
[duplicate_footprints]: Duplicate footprints
    Local override; warning
    @(87.4794 mm, 129.9420 mm): Footprint REF**
    @(88.7761 mm, 64.8036 mm): Footprint REF**
[duplicate_footprints]: Duplicate footprints
    Local override; warning
    @(87.4794 mm, 147.4420 mm): Footprint REF**
    @(88.7761 mm, 64.8036 mm): Footprint REF**
[extra_footprint]: Extra footprint
    Local override; warning
    @(182.7661 mm, 142.2536 mm): Footprint <no reference designator>
[extra_footprint]: Extra footprint
    Local override; warning
    @(88.7811 mm, 150.5036 mm): Footprint <no reference designator>
[extra_footprint]: Extra footprint
    Local override; warning
    @(204.3211 mm, 142.2536 mm): Footprint <no reference designator>
[extra_footprint]: Extra footprint
    Local override; warning
    @(89.0011 mm, 57.1036 mm): Footprint <no reference designator>
[extra_footprint]: Extra footprint
    Local override; warning
    @(208.1611 mm, 142.2536 mm): Footprint <no reference designator>
[extra_footprint]: Extra footprint
    Local override; warning
    @(182.1261 mm, 142.2536 mm): Footprint <no reference designator>
[extra_footprint]: Extra footprint
    Local override; warning
    @(209.4411 mm, 142.2536 mm): Footprint <no reference designator>
[extra_footprint]: Extra footprint
    Local override; warning
    @(194.6311 mm, 57.1286 mm): Footprint <no reference designator>
[extra_footprint]: Extra footprint
    Local override; warning
    @(100.2211 mm, 150.5036 mm): Footprint <no reference designator>
[extra_footprint]: Extra footprint
    Local override; warning
    @(122.0911 mm, 150.5036 mm): Footprint <no reference designator>
[extra_footprint]: Extra footprint
    Local override; warning
    @(98.9411 mm, 150.5036 mm): Footprint <no reference designator>
[extra_footprint]: Extra footprint
    Local override; warning
    @(204.9611 mm, 142.2536 mm): Footprint <no reference designator>
[extra_footprint]: Extra footprint
    Local override; warning
    @(88.1411 mm, 150.5036 mm): Footprint <no reference designator>
[extra_footprint]: Extra footprint
    Local override; warning
    @(127.7211 mm, 57.1036 mm): Footprint <no reference designator>
[extra_footprint]: Extra footprint
    Local override; warning
    @(171.7161 mm, 142.2536 mm): Footprint <no reference designator>
[extra_footprint]: Extra footprint
    Local override; warning
    @(162.1511 mm, 57.1036 mm): Footprint <no reference designator>
[extra_footprint]: Extra footprint
    Local override; warning
    @(160.2311 mm, 57.1036 mm): Footprint <no reference designator>
[extra_footprint]: Extra footprint
    Local override; warning
    @(181.4861 mm, 142.2536 mm): Footprint <no reference designator>
[extra_footprint]: Extra footprint
    Local override; warning
    @(181.2011 mm, 56.8036 mm): Footprint <no reference designator>
[extra_footprint]: Extra footprint
    Local override; warning
    @(125.8011 mm, 57.1036 mm): Footprint <no reference designator>
[extra_footprint]: Extra footprint
    Local override; warning
    @(127.0811 mm, 57.1036 mm): Footprint <no reference designator>
[extra_footprint]: Extra footprint
    Local override; warning
    @(125.9311 mm, 150.5036 mm): Footprint <no reference designator>
[extra_footprint]: Extra footprint
    Local override; warning
    @(88.7761 mm, 64.8036 mm): Footprint REF**
[extra_footprint]: Extra footprint
    Local override; warning
    @(124.6511 mm, 150.5036 mm): Footprint <no reference designator>
[extra_footprint]: Extra footprint
    Local override; warning
    @(88.2611 mm, 57.1036 mm): Footprint <no reference designator>
[extra_footprint]: Extra footprint
    Local override; warning
    @(198.7011 mm, 142.5536 mm): Footprint <no reference designator>
[extra_footprint]: Extra footprint
    Local override; warning
    @(100.8611 mm, 150.5036 mm): Footprint <no reference designator>
[extra_footprint]: Extra footprint
    Local override; warning
    @(205.6011 mm, 142.2536 mm): Footprint <no reference designator>
[extra_footprint]: Extra footprint
    Local override; warning
    @(194.4561 mm, 142.2536 mm): Footprint <no reference designator>
[extra_footprint]: Extra footprint
    Local override; warning
    @(206.8811 mm, 142.2536 mm): Footprint <no reference designator>
[extra_footprint]: Extra footprint
    Local override; warning
    @(208.8011 mm, 142.2536 mm): Footprint <no reference designator>
[extra_footprint]: Extra footprint
    Local override; warning
    @(180.8461 mm, 142.2536 mm): Footprint <no reference designator>
[extra_footprint]: Extra footprint
    Local override; warning
    @(206.2411 mm, 142.2536 mm): Footprint <no reference designator>
[extra_footprint]: Extra footprint
    Local override; warning
    @(89.4211 mm, 150.5036 mm): Footprint <no reference designator>
[extra_footprint]: Extra footprint
    Local override; warning
    @(161.5111 mm, 57.1036 mm): Footprint <no reference designator>
[extra_footprint]: Extra footprint
    Local override; warning
    @(87.5011 mm, 150.5036 mm): Footprint <no reference designator>
[extra_footprint]: Extra footprint
    Local override; warning
    @(95.7761 mm, 64.8036 mm): Footprint REF**
[extra_footprint]: Extra footprint
    Local override; warning
    @(127.8511 mm, 150.5036 mm): Footprint <no reference designator>
[extra_footprint]: Extra footprint
    Local override; warning
    @(110.5361 mm, 142.2536 mm): Footprint <no reference designator>
[extra_footprint]: Extra footprint
    Local override; warning
    @(111.1761 mm, 142.2536 mm): Footprint <no reference designator>
[extra_footprint]: Extra footprint
    Local override; warning
    @(124.0111 mm, 150.5036 mm): Footprint <no reference designator>
[extra_footprint]: Extra footprint
    Local override; warning
    @(126.4411 mm, 57.1036 mm): Footprint <no reference designator>
[extra_footprint]: Extra footprint
    Local override; warning
    @(105.7011 mm, 142.5536 mm): Footprint <no reference designator>
[extra_footprint]: Extra footprint
    Local override; warning
    @(93.1011 mm, 57.1036 mm): Footprint <no reference designator>
[extra_footprint]: Extra footprint
    Local override; warning
    @(90.0611 mm, 150.5036 mm): Footprint <no reference designator>
[extra_footprint]: Extra footprint
    Local override; warning
    @(193.1761 mm, 142.2536 mm): Footprint <no reference designator>
[extra_footprint]: Extra footprint
    Local override; warning
    @(160.8711 mm, 57.1036 mm): Footprint <no reference designator>
[extra_footprint]: Extra footprint
    Local override; warning
    @(102.5011 mm, 146.4286 mm): Footprint <no reference designator>
[extra_footprint]: Extra footprint
    Local override; warning
    @(187.6511 mm, 142.5536 mm): Footprint <no reference designator>
[extra_footprint]: Extra footprint
    Local override; warning
    @(87.5011 mm, 57.1036 mm): Footprint <no reference designator>
[extra_footprint]: Extra footprint
    Local override; warning
    @(94.5011 mm, 150.8036 mm): Footprint <no reference designator>
[extra_footprint]: Extra footprint
    Local override; warning
    @(122.7311 mm, 150.5036 mm): Footprint <no reference designator>
[extra_footprint]: Extra footprint
    Local override; warning
    @(169.7961 mm, 142.2536 mm): Footprint <no reference designator>
[extra_footprint]: Extra footprint
    Local override; warning
    @(127.2111 mm, 150.5036 mm): Footprint <no reference designator>
[extra_footprint]: Extra footprint
    Local override; warning
    @(203.0411 mm, 142.2536 mm): Footprint <no reference designator>
[extra_footprint]: Extra footprint
    Local override; warning
    @(109.8961 mm, 142.2536 mm): Footprint <no reference designator>
[extra_footprint]: Extra footprint
    Local override; warning
    @(144.6511 mm, 56.8036 mm): Footprint <no reference designator>
[extra_footprint]: Extra footprint
    Local override; warning
    @(193.3511 mm, 57.1286 mm): Footprint <no reference designator>
[extra_footprint]: Extra footprint
    Local override; warning
    @(159.5911 mm, 57.1036 mm): Footprint <no reference designator>
[extra_footprint]: Extra footprint
    Local override; warning
    @(119.8511 mm, 146.4286 mm): Footprint <no reference designator>
[extra_footprint]: Extra footprint
    Local override; warning
    @(207.5211 mm, 142.2536 mm): Footprint <no reference designator>
[extra_footprint]: Extra footprint
    Local override; warning
    @(112.4561 mm, 142.2536 mm): Footprint <no reference designator>
[extra_footprint]: Extra footprint
    Local override; warning
    @(193.8161 mm, 142.2536 mm): Footprint <no reference designator>
[extra_footprint]: Extra footprint
    Local override; warning
    @(203.6811 mm, 142.2536 mm): Footprint <no reference designator>
[extra_footprint]: Extra footprint
    Local override; warning
    @(171.0761 mm, 142.2536 mm): Footprint <no reference designator>
[extra_footprint]: Extra footprint
    Local override; warning
    @(120.8111 mm, 150.5036 mm): Footprint <no reference designator>
[extra_footprint]: Extra footprint
    Local override; warning
    @(94.5861 mm, 57.1036 mm): Footprint <no reference designator>
[extra_footprint]: Extra footprint
    Local override; warning
    @(111.8161 mm, 142.2536 mm): Footprint <no reference designator>
[extra_footprint]: Extra footprint
    Local override; warning
    @(170.4361 mm, 142.2536 mm): Footprint <no reference designator>
[extra_footprint]: Extra footprint
    Local override; warning
    @(193.9911 mm, 57.1286 mm): Footprint <no reference designator>
[extra_footprint]: Extra footprint
    Local override; warning
    @(110.8511 mm, 56.8036 mm): Footprint <no reference designator>
[extra_footprint]: Extra footprint
    Local override; warning
    @(101.5011 mm, 150.5036 mm): Footprint <no reference designator>
[extra_footprint]: Extra footprint
    Local override; warning
    @(128.3611 mm, 57.1036 mm): Footprint <no reference designator>
[extra_footprint]: Extra footprint
    Local override; warning
    @(195.9111 mm, 57.1286 mm): Footprint <no reference designator>
[extra_footprint]: Extra footprint
    Local override; warning
    @(91.0511 mm, 56.2536 mm): Footprint <no reference designator>
[extra_footprint]: Extra footprint
    Local override; warning
    @(172.3561 mm, 142.2536 mm): Footprint <no reference designator>
[extra_footprint]: Extra footprint
    Local override; warning
    @(125.2911 mm, 150.5036 mm): Footprint <no reference designator>
[extra_footprint]: Extra footprint
    Local override; warning
    @(99.5811 mm, 150.5036 mm): Footprint <no reference designator>
[extra_footprint]: Extra footprint
    Local override; warning
    @(126.5711 mm, 150.5036 mm): Footprint <no reference designator>
[extra_footprint]: Extra footprint
    Local override; warning
    @(192.5361 mm, 142.2536 mm): Footprint <no reference designator>
[extra_footprint]: Extra footprint
    Local override; warning
    @(191.8961 mm, 142.2536 mm): Footprint <no reference designator>
[extra_footprint]: Extra footprint
    Local override; warning
    @(123.3711 mm, 150.5036 mm): Footprint <no reference designator>
[extra_footprint]: Extra footprint
    Local override; warning
    @(116.6511 mm, 142.5536 mm): Footprint <no reference designator>
[extra_footprint]: Extra footprint
    Local override; warning
    @(195.2711 mm, 57.1286 mm): Footprint <no reference designator>
[extra_footprint]: Extra footprint
    Local override; warning
    @(176.6011 mm, 142.5536 mm): Footprint <no reference designator>
[extra_footprint]: Extra footprint
    Local override; warning
    @(183.4061 mm, 142.2536 mm): Footprint <no reference designator>
[extra_footprint]: Extra footprint
    Local override; warning
    @(121.4511 mm, 150.5036 mm): Footprint <no reference designator>
[extra_footprint]: Extra footprint
    Local override; warning
    @(93.8411 mm, 57.1036 mm): Footprint <no reference designator>
[extra_footprint]: Extra footprint
    Local override; warning
    @(171.1261 mm, 76.3286 mm): Footprint REF**
[extra_footprint]: Extra footprint
    Local override; warning
    @(87.4915 mm, 138.5761 mm): Footprint REF**
[extra_footprint]: Extra footprint
    Local override; warning
    @(87.4794 mm, 129.9420 mm): Footprint REF**
[extra_footprint]: Extra footprint
    Local override; warning
    @(87.4794 mm, 147.4420 mm): Footprint REF**

** End of Report **
