#-----------------------------------------------------------
# Vivado v2020.2 (64-bit)
# SW Build 3064766 on Wed Nov 18 09:12:45 MST 2020
# IP Build 3064653 on Wed Nov 18 14:17:31 MST 2020
# Start of session at: Mon Feb  8 15:47:19 2021
# Process ID: 33288
# Current directory: C:/Users/Aleksa/Documents/EEVengers/Firmware/Artix7_PCIe/Blink
# Command line: vivado.exe -gui_launcher_event rodinguilauncherevent32088 C:\Users\Aleksa\Documents\EEVengers\Firmware\Artix7_PCIe\Blink\Blink.xpr
# Log file: C:/Users/Aleksa/Documents/EEVengers/Firmware/Artix7_PCIe/Blink/vivado.log
# Journal file: C:/Users/Aleksa/Documents/EEVengers/Firmware/Artix7_PCIe/Blink\vivado.jou
#-----------------------------------------------------------
start_gui
open_project C:/Users/Aleksa/Documents/EEVengers/Firmware/Artix7_PCIe/Blink/Blink.xpr
update_compile_order -fileset sources_1
reset_run synth_1
launch_runs impl_1 -to_step write_bitstream -jobs 16
wait_on_run impl_1
open_hw_manager
connect_hw_server -allow_non_jtag
open_hw_target
set_property PROGRAM.FILE {C:/Users/Aleksa/Documents/EEVengers/Firmware/Artix7_PCIe/Blink/Blink.runs/impl_1/blink.bit} [get_hw_devices xc7a100t_0]
current_hw_device [get_hw_devices xc7a100t_0]
refresh_hw_device -update_hw_probes false [lindex [get_hw_devices xc7a100t_0] 0]
set_property PROBES.FILE {} [get_hw_devices xc7a100t_0]
set_property FULL_PROBES.FILE {} [get_hw_devices xc7a100t_0]
set_property PROGRAM.FILE {C:/Users/Aleksa/Documents/EEVengers/Firmware/Artix7_PCIe/Blink/Blink.runs/impl_1/blink.bit} [get_hw_devices xc7a100t_0]
program_hw_devices [get_hw_devices xc7a100t_0]
refresh_hw_device [lindex [get_hw_devices xc7a100t_0] 0]
reset_run synth_1
launch_runs impl_1 -to_step write_bitstream -jobs 16
wait_on_run impl_1
set_property PROBES.FILE {} [get_hw_devices xc7a100t_0]
set_property FULL_PROBES.FILE {} [get_hw_devices xc7a100t_0]
set_property PROGRAM.FILE {C:/Users/Aleksa/Documents/EEVengers/Firmware/Artix7_PCIe/Blink/Blink.runs/impl_1/blink.bit} [get_hw_devices xc7a100t_0]
program_hw_devices [get_hw_devices xc7a100t_0]
refresh_hw_device [lindex [get_hw_devices xc7a100t_0] 0]
