ERC report (2026-01-22T13:09:17-0500, Encoding UTF8)

***** Sheet /

***** Sheet /CH4/

***** Sheet /CH3/

***** Sheet /CH2/

***** Sheet /CH1/

***** Sheet /ADC Driver 4/

***** Sheet /ADC Driver 3/

***** Sheet /ADC Driver 2/

***** Sheet /ADC Driver 1/

***** Sheet /Front End Trim and Bias/

***** Sheet /ADC/

***** Sheet /Clock Generator/

***** Sheet /ACQ and FE Voltage Regs/
[pin_to_pin]: Pins of type Power output and Power output are connected
    ; error
    @(104.14 mm, 99.06 mm): Symbol U15 Pin 1 [OUT, Power output, Line]
    @(104.14 mm, 101.60 mm): Symbol U15 Pin 2 [OUT, Power output, Line]
[pin_to_pin]: Pins of type Power output and Power output are connected
    ; error
    @(238.76 mm, 33.02 mm): Symbol U14 Pin 1 [OUT, Power output, Line]
    @(238.76 mm, 35.56 mm): Symbol U14 Pin 2 [OUT, Power output, Line]

***** Sheet /FPGA/

***** Sheet /FPGA/FPGA IO Banks/

***** Sheet /FPGA/FPGA Config and Transceivers/

***** Sheet /FPGA/FPGA Power Inputs/

***** Sheet /FPGA/FPGA Voltage Regs/
[pin_to_pin]: Pins of type Power output and Power output are connected
    ; error
    @(104.14 mm, 142.24 mm): Symbol U22 Pin 1 [OUT, Power output, Line]
    @(104.14 mm, 144.78 mm): Symbol U22 Pin 2 [OUT, Power output, Line]

***** Sheet /TS-PCIe Components/
[pin_to_pin]: Pins of type Power output and Power output are connected
    ; error
    @(127.00 mm, 139.70 mm): Symbol U11 Pin 10 [VOUT, Power output, Line]
    @(127.00 mm, 142.24 mm): Symbol U11 Pin 11 [VOUT, Power output, Line]
[pin_to_pin]: Pins of type Power output and Power output are connected
    ; error
    @(127.00 mm, 142.24 mm): Symbol U11 Pin 11 [VOUT, Power output, Line]
    @(127.00 mm, 144.78 mm): Symbol U11 Pin 12 [VOUT, Power output, Line]
[pin_to_pin]: Pins of type Power output and Power output are connected
    ; error
    @(127.00 mm, 144.78 mm): Symbol U11 Pin 12 [VOUT, Power output, Line]
    @(127.00 mm, 147.32 mm): Symbol U11 Pin 13 [VOUT, Power output, Line]
[pin_to_pin]: Pins of type Power output and Power output are connected
    ; error
    @(127.00 mm, 147.32 mm): Symbol U11 Pin 13 [VOUT, Power output, Line]
    @(127.00 mm, 149.86 mm): Symbol U11 Pin 14 [VOUT, Power output, Line]
[pin_to_pin]: Pins of type Power output and Power output are connected
    ; error
    @(127.00 mm, 149.86 mm): Symbol U11 Pin 14 [VOUT, Power output, Line]
    @(127.00 mm, 152.40 mm): Symbol U11 Pin 15 [VOUT, Power output, Line]
[pin_to_pin]: Pins of type Power output and Power output are connected
    ; error
    @(127.00 mm, 152.40 mm): Symbol U11 Pin 15 [VOUT, Power output, Line]
    @(127.00 mm, 154.94 mm): Symbol U11 Pin 27 [VOUT, Power output, Line]

***** Sheet /TS-USB4 Components/
[pin_to_pin]: Pins of type Power output and Power output are connected
    ; error
    @(91.44 mm, 152.40 mm): Symbol #FLG026 Pin 1 [Power output, Line]
    @(127.00 mm, 154.94 mm): Symbol U11 Pin 27 [VOUT, Power output, Line]
[power_pin_not_driven]: Input Power pin not driven by any Output Power pins
    ; error
    @(205.74 mm, 139.70 mm): Symbol U17 Pin 5 [SW, Power input, Line]

 ** ERC messages: 11  Errors 11  Warnings 0
